Initialized native services in: C:\Users\Fu Chuin\.gradle\native
Initialized jansi services in: C:\Users\Fu Chuin\.gradle\native
The client will now receive all logging from the daemon (pid: 24224). The daemon log file: C:\Users\Fu Chuin\.gradle\daemon\9.1.0\daemon-24224.out.log
Starting 10th build in daemon [uptime: 59 mins 10.643 secs, performance: 97%, GC rate: 0.00/s, heap usage: 0% of 2 GiB]
Using 12 worker leases.
Now considering [C:\Users\Fu Chuin\OneDrive\Desktop\Documents\Kitahack2026\SafeX---Your-AI-powered-and-real-time-safety-expert] as hierarchies to watch
Watching the file system is configured to be enabled if available
File system watching is active
Starting Build
Settings evaluated using settings file 'C:\Users\Fu Chuin\OneDrive\Desktop\Documents\Kitahack2026\SafeX---Your-AI-powered-and-real-time-safety-expert\settings.gradle.kts'.
Projects loaded. Root project using build file 'C:\Users\Fu Chuin\OneDrive\Desktop\Documents\Kitahack2026\SafeX---Your-AI-powered-and-real-time-safety-expert\build.gradle.kts'.
Included projects: [root project 'SafeX', project ':app']

> Configure project :
Evaluating root project 'SafeX' using build file 'C:\Users\Fu Chuin\OneDrive\Desktop\Documents\Kitahack2026\SafeX---Your-AI-powered-and-real-time-safety-expert\build.gradle.kts'.
Resolved plugin [id: 'com.android.application', version: '9.0.0', apply: false]
Resolved plugin [id: 'org.jetbrains.kotlin.android', version: '2.0.21', apply: false]
Resolved plugin [id: 'org.jetbrains.kotlin.plugin.compose', version: '2.0.21', apply: false]
Resolved plugin [id: 'com.google.devtools.ksp', version: '2.0.21-1.0.27', apply: false]
Resolved plugin [id: 'com.google.gms.google-services', version: '4.4.4', apply: false]

> Configure project :app
Evaluating project ':app' using build file 'C:\Users\Fu Chuin\OneDrive\Desktop\Documents\Kitahack2026\SafeX---Your-AI-powered-and-real-time-safety-expert\app\build.gradle.kts'.
Resolved plugin [id: 'com.android.application', version: '9.0.0']
Resolved plugin [id: 'org.jetbrains.kotlin.plugin.compose', version: '2.0.21']
Resolved plugin [id: 'com.google.gms.google-services']
Resolved plugin [id: 'com.google.devtools.ksp']
WARNING: The option setting 'android.disallowKotlinSourceSets=false' is experimental.
The current default is 'true'.
Build 55024e1a-ed36-423f-89d0-28dcbf6ec61a is started
Using default execution profile
Detected Android Gradle Plugin compose compiler configuration
Detected Android Gradle Plugin compose compiler configuration
Detected Android Gradle Plugin compose compiler configuration
Detected Android Gradle Plugin compose compiler configuration
All projects evaluated.
Task name matched 'assembleDebug'
Selected primary task 'assembleDebug' from project :
Adding -Xuse-inline-scopes-numbers Kotlin compiler flag for task :app:compileDebugKotlin
Tasks to be executed: [task ':app:preBuild', task ':app:preDebugBuild', task ':app:mergeDebugNativeDebugMetadata', task ':app:processDebugGoogleServices', task ':app:extractDebugSupportedLocales', task ':app:generateDebugLocaleConfig', task ':app:generateDebugResources', task ':app:packageDebugResources', task ':app:processDebugNavigationResources', task ':app:parseDebugLocalResources', task ':app:generateDebugRFile', task ':app:kspDebugKotlin', task ':app:compileDebugKotlin', task ':app:javaPreCompileDebug', task ':app:compileDebugJavaWithJavac', task ':app:generateDebugAssets', task ':app:mergeDebugAssets', task ':app:compressDebugAssets', task ':app:desugarDebugFileDependencies', task ':app:checkDebugAarMetadata', task ':app:compileDebugNavigationResources', task ':app:mapDebugSourceSetPaths', task ':app:mergeDebugResources', task ':app:createDebugCompatibleScreenManifests', task ':app:extractDeepLinksDebug', task ':app:processDebugMainManifest', task ':app:processDebugManifest', task ':app:processDebugManifestForPackage', task ':app:processDebugResources', task ':app:dexBuilderDebug', task ':app:mergeDebugGlobalSynthetics', task ':app:processDebugJavaRes', task ':app:mergeDebugJavaResource', task ':app:checkDebugDuplicateClasses', task ':app:mergeExtDexDebug', task ':app:mergeLibDexDebug', task ':app:mergeProjectDexDebug', task ':app:mergeDebugJniLibFolders', task ':app:mergeDebugNativeLibs', task ':app:stripDebugDebugSymbols', task ':app:validateSigningDebug', task ':app:writeDebugAppMetadata', task ':app:writeDebugSigningConfigVersions', task ':app:packageDebug', task ':app:createDebugApkListingFileRedirect', task ':app:assembleDebug']
Tasks that were excluded: []
Resolve mutations for :app:preBuild (Thread[#1087,Execution worker Thread 2,5,main]) started.
:app:preBuild (Thread[#1087,Execution worker Thread 2,5,main]) started.

> Task :app:preBuild UP-TO-DATE
Skipping task ':app:preBuild' as it has no actions.
Resolve mutations for :app:preDebugBuild (Thread[#1087,Execution worker Thread 2,5,main]) started.
:app:preDebugBuild (Thread[#1086,Execution worker,5,main]) started.

> Task :app:preDebugBuild UP-TO-DATE
Skipping task ':app:preDebugBuild' as it has no actions.
Resolve mutations for :app:mergeDebugNativeDebugMetadata (Thread[#1086,Execution worker,5,main]) started.
:app:mergeDebugNativeDebugMetadata (Thread[#1086,Execution worker,5,main]) started.

> Task :app:mergeDebugNativeDebugMetadata NO-SOURCE
Skipping task ':app:mergeDebugNativeDebugMetadata' as it has no source files and no previous output files.
Resolve mutations for :app:processDebugGoogleServices (Thread[#1086,Execution worker,5,main]) started.
:app:processDebugGoogleServices (Thread[#1086,Execution worker,5,main]) started.

> Task :app:processDebugGoogleServices UP-TO-DATE
Caching disabled for task ':app:processDebugGoogleServices' because:
  Build cache is disabled
Skipping task ':app:processDebugGoogleServices' as it is up-to-date.
Resolve mutations for :app:extractDebugSupportedLocales (Thread[#1086,Execution worker,5,main]) started.
:app:extractDebugSupportedLocales (Thread[#1086,Execution worker,5,main]) started.

> Task :app:extractDebugSupportedLocales UP-TO-DATE
Caching disabled for task ':app:extractDebugSupportedLocales' because:
  Build cache is disabled
Skipping task ':app:extractDebugSupportedLocales' as it is up-to-date.
Resolve mutations for :app:generateDebugLocaleConfig (Thread[#1086,Execution worker,5,main]) started.
:app:generateDebugLocaleConfig (Thread[#1086,Execution worker,5,main]) started.

> Task :app:generateDebugLocaleConfig UP-TO-DATE
Caching disabled for task ':app:generateDebugLocaleConfig' because:
  Build cache is disabled
Skipping task ':app:generateDebugLocaleConfig' as it is up-to-date.
Resolve mutations for :app:generateDebugResources (Thread[#1086,Execution worker,5,main]) started.
:app:generateDebugResources (Thread[#1086,Execution worker,5,main]) started.

> Task :app:generateDebugResources UP-TO-DATE
Caching disabled for task ':app:generateDebugResources' because:
  Build cache is disabled
Skipping task ':app:generateDebugResources' as it is up-to-date.
Resolve mutations for :app:packageDebugResources (Thread[#1086,Execution worker,5,main]) started.
:app:packageDebugResources (Thread[#1086,Execution worker,5,main]) started.

> Task :app:packageDebugResources UP-TO-DATE
Caching disabled for task ':app:packageDebugResources' because:
  Build cache is disabled
Skipping task ':app:packageDebugResources' as it is up-to-date.
Resolve mutations for :app:processDebugNavigationResources (Thread[#1086,Execution worker,5,main]) started.
:app:processDebugNavigationResources (Thread[#1086,Execution worker,5,main]) started.

> Task :app:processDebugNavigationResources UP-TO-DATE
Caching disabled for task ':app:processDebugNavigationResources' because:
  Build cache is disabled
Skipping task ':app:processDebugNavigationResources' as it is up-to-date.
Resolve mutations for :app:parseDebugLocalResources (Thread[#1086,Execution worker,5,main]) started.
:app:parseDebugLocalResources (Thread[#1086,Execution worker,5,main]) started.

> Task :app:parseDebugLocalResources UP-TO-DATE
Caching disabled for task ':app:parseDebugLocalResources' because:
  Build cache is disabled
Skipping task ':app:parseDebugLocalResources' as it is up-to-date.
Resolve mutations for :app:generateDebugRFile (Thread[#1086,Execution worker,5,main]) started.
:app:generateDebugRFile (Thread[#1086,Execution worker,5,main]) started.

> Task :app:generateDebugRFile UP-TO-DATE
Caching disabled for task ':app:generateDebugRFile' because:
  Build cache is disabled
Skipping task ':app:generateDebugRFile' as it is up-to-date.
Resolve mutations for :app:kspDebugKotlin (Thread[#1086,Execution worker,5,main]) started.
:app:kspDebugKotlin (Thread[#1086,Execution worker,5,main]) started.

> Task :app:kspDebugKotlin FAILED
Registered task dependencies: app:debugCompileClasspath
Skipping misunderstood TO dep string: androidx.compose.ui:ui-tooling
Skipping misunderstood TO dep string: androidx.compose.ui:ui-test-manifest
Skipping misunderstood TO dep string: androidx.compose.ui:ui
Skipping misunderstood TO dep string: androidx.compose.ui:ui-graphics
Skipping misunderstood TO dep string: androidx.compose.ui:ui-tooling-preview
Skipping misunderstood TO dep string: androidx.compose.material3:material3
Skipping misunderstood TO dep string: com.google.firebase:firebase-firestore
Skipping misunderstood TO dep string: com.google.firebase:firebase-functions
Skipping misunderstood TO dep string: com.google.firebase:firebase-auth
Starting dependency analysis
Caching disabled for task ':app:kspDebugKotlin' because:
  Build cache is disabled
Task ':app:kspDebugKotlin' is not up-to-date because:
  Value of input property 'kspConfig.logLevel' has changed for task ':app:kspDebugKotlin'
The input changes require a full rebuild for incremental task ':app:kspDebugKotlin'.
Build 55024e1a-ed36-423f-89d0-28dcbf6ec61a is closed
.\gradlew.bat : 
At line:1 char:1
+ .\gradlew.bat 
assembleDebug --info 
2>&1 | Out-File 
-FilePath build_er 
...
+ ~~~~~~~~~~~~~~~~~~~
~~~~~~~~~~~~~~~~~~~~
    + CategoryInfo   
           : 
NotSpecified: (:    
String) [], 
RemoteExc    eption
    + 
FullyQualifiedError  
  Id : 
NativeCommandErr    
or
 
FAILURE: Build 
failed with an 
exception.

* What went wrong:
Execution failed for 
task ':app:kspDebugKo
tlin'.
> 
java.io.IOException: 
Unable to delete 
directory 
'C:\Users\Fu Chuin\On
eDrive\Desktop\Docume
nts\Kitahack2026\Safe
X---Your-AI-powered-a
nd-real-time-safety-e
xpert\app\build\gener
ated\ksp\debug\java'
    Failed to delete 
some children. This 
might happen because 
a process has files 
open or has its 
working directory 
set in the target 
directory.
    - C:\Users\Fu Chu
in\OneDrive\Desktop\D
ocuments\Kitahack2026
\SafeX---Your-AI-powe
red-and-real-time-saf
ety-expert\app\build\
generated\ksp\debug\j
ava\com\safex\app\dat
a\local
    - C:\Users\Fu Chu
in\OneDrive\Desktop\D
ocuments\Kitahack2026
\SafeX---Your-AI-powe
red-and-real-time-saf
ety-expert\app\build\
generated\ksp\debug\j
ava\com\safex\app\dat
a
    - C:\Users\Fu Chu
in\OneDrive\Desktop\D
ocuments\Kitahack2026
\SafeX---Your-AI-powe
red-and-real-time-saf
ety-expert\app\build\
generated\ksp\debug\j
ava\com\safex\app
    - C:\Users\Fu Chu
in\OneDrive\Desktop\D
ocuments\Kitahack2026
\SafeX---Your-AI-powe
red-and-real-time-saf
ety-expert\app\build\
generated\ksp\debug\j
ava\com\safex
    - C:\Users\Fu Chu
in\OneDrive\Desktop\D
ocuments\Kitahack2026
\SafeX---Your-AI-powe
red-and-real-time-saf
ety-expert\app\build\
generated\ksp\debug\j
ava\com

* Try:
> Run with 
--stacktrace option 
to get the stack 
trace.
> Run with --debug 
option to get more 
log output.
> Run with --scan to 
generate a Build 
Scan (Powered by 
Develocity).
> Get more help at ht
tps://help.gradle.org
.

BUILD FAILED in 2s
9 actionable tasks: 1 executed, 8 up-to-date
Watched directory hierarchies: [C:\Users\Fu Chuin\OneDrive\Desktop\Documents\Kitahack2026\SafeX---Your-AI-powered-and-real-time-safety-expert]
